// Jest Snapshot v1, https://goo.gl/fbAQLP

exports[`<Lane /> should match with snapshot 1`] = `undefined`;
